2017-05-30T13:16:39.961+0800: 1.618: [GC pause (young), 0.0234060 secs]
   [Parallel Time: 20.0 ms, GC Workers: 8]
      [GC Worker Start (ms): Min: 1618.0, Avg: 1618.1, Max: 1618.1, Diff: 0.2]
      [Ext Root Scanning (ms): Min: 2.1, Avg: 3.2, Max: 4.6, Diff: 2.5, Sum: 25.7]
      [Update RS (ms): Min: 0.0, Avg: 0.0, Max: 0.0, Diff: 0.0, Sum: 0.0]
         [Processed Buffers: Min: 0, Avg: 2.4, Max: 18, Diff: 18, Sum: 19]
      [Scan RS (ms): Min: 0.0, Avg: 0.0, Max: 0.0, Diff: 0.0, Sum: 0.1]
      [Object Copy (ms): Min: 11.7, Avg: 14.5, Max: 17.0, Diff: 5.3, Sum: 116.0]
      [Termination (ms): Min: 0.0, Avg: 2.0, Max: 5.4, Diff: 5.4, Sum: 16.0]
      [GC Worker Other (ms): Min: 0.0, Avg: 0.0, Max: 0.0, Diff: 0.0, Sum: 0.2]
      [GC Worker Total (ms): Min: 19.7, Avg: 19.8, Max: 19.8, Diff: 0.2, Sum: 158.1]
      [GC Worker End (ms): Min: 1637.8, Avg: 1637.8, Max: 1637.8, Diff: 0.0]
   [Code Root Fixup: 0.0 ms]
   [Clear CT: 0.3 ms]
   [Other: 3.0 ms]
      [Choose CSet: 0.0 ms]
      [Ref Proc: 2.8 ms]
      [Ref Enq: 0.1 ms]
      [Free CSet: 0.1 ms]
   [Eden: 51.0M(51.0M)->0.0B(44.0M) Survivors: 0.0B->7168.0K Heap: 51.0M(1024.0M)->8175.8K(1024.0M)]
 [Times: user=0.03 sys=0.11, real=0.03 secs] 
2017-05-30T13:16:41.266+0800: 2.923: [GC pause (young), 0.0088080 secs]
   [Parallel Time: 5.9 ms, GC Workers: 8]
      [GC Worker Start (ms): Min: 2922.7, Avg: 2922.9, Max: 2923.0, Diff: 0.3]
      [Ext Root Scanning (ms): Min: 2.1, Avg: 2.8, Max: 5.4, Diff: 3.3, Sum: 22.1]
      [Update RS (ms): Min: 0.0, Avg: 0.0, Max: 0.3, Diff: 0.3, Sum: 0.4]
         [Processed Buffers: Min: 0, Avg: 2.5, Max: 10, Diff: 10, Sum: 20]
      [Scan RS (ms): Min: 0.0, Avg: 0.0, Max: 0.0, Diff: 0.0, Sum: 0.1]
      [Object Copy (ms): Min: 0.0, Avg: 2.3, Max: 2.9, Diff: 2.9, Sum: 18.6]
      [Termination (ms): Min: 0.0, Avg: 0.2, Max: 0.3, Diff: 0.3, Sum: 1.8]
      [GC Worker Other (ms): Min: 0.0, Avg: 0.0, Max: 0.0, Diff: 0.0, Sum: 0.1]
      [GC Worker Total (ms): Min: 5.3, Avg: 5.4, Max: 5.5, Diff: 0.3, Sum: 43.2]
      [GC Worker End (ms): Min: 2928.3, Avg: 2928.3, Max: 2928.3, Diff: 0.1]
   [Code Root Fixup: 0.1 ms]
   [Clear CT: 0.5 ms]
   [Other: 2.4 ms]
      [Choose CSet: 0.0 ms]
      [Ref Proc: 2.1 ms]
      [Ref Enq: 0.0 ms]
      [Free CSet: 0.1 ms]
   [Eden: 44.0M(44.0M)->0.0B(44.0M) Survivors: 7168.0K->7168.0K Heap: 180.0M(1024.0M)->136.5M(1024.0M)]
 [Times: user=0.04 sys=0.01, real=0.01 secs] 
2017-05-30T13:16:41.754+0800: 3.411: [GC pause (young), 0.0064860 secs]
   [Parallel Time: 4.9 ms, GC Workers: 8]
      [GC Worker Start (ms): Min: 3411.0, Avg: 3411.4, Max: 3411.8, Diff: 0.8]
      [Ext Root Scanning (ms): Min: 1.3, Avg: 2.0, Max: 3.9, Diff: 2.7, Sum: 16.1]
      [Update RS (ms): Min: 0.0, Avg: 0.1, Max: 0.2, Diff: 0.2, Sum: 0.4]
         [Processed Buffers: Min: 0, Avg: 0.9, Max: 4, Diff: 4, Sum: 7]
      [Scan RS (ms): Min: 0.0, Avg: 0.0, Max: 0.1, Diff: 0.1, Sum: 0.1]
      [Object Copy (ms): Min: 0.2, Avg: 1.9, Max: 2.5, Diff: 2.3, Sum: 15.2]
      [Termination (ms): Min: 0.0, Avg: 0.4, Max: 0.6, Diff: 0.6, Sum: 3.5]
      [GC Worker Other (ms): Min: 0.0, Avg: 0.0, Max: 0.0, Diff: 0.0, Sum: 0.1]
      [GC Worker Total (ms): Min: 4.1, Avg: 4.4, Max: 4.8, Diff: 0.8, Sum: 35.6]
      [GC Worker End (ms): Min: 3415.8, Avg: 3415.8, Max: 3415.8, Diff: 0.0]
   [Code Root Fixup: 0.1 ms]
   [Clear CT: 0.5 ms]
   [Other: 1.0 ms]
      [Choose CSet: 0.0 ms]
      [Ref Proc: 0.8 ms]
      [Ref Enq: 0.0 ms]
      [Free CSet: 0.1 ms]
   [Eden: 44.0M(44.0M)->0.0B(45.0M) Survivors: 7168.0K->6144.0K Heap: 180.5M(1024.0M)->135.5M(1024.0M)]
 [Times: user=0.04 sys=0.00, real=0.01 secs] 
2017-05-30T13:16:42.178+0800: 3.834: [GC pause (young), 0.0064070 secs]
   [Parallel Time: 4.8 ms, GC Workers: 8]
      [GC Worker Start (ms): Min: 3834.3, Avg: 3834.5, Max: 3834.6, Diff: 0.3]
      [Ext Root Scanning (ms): Min: 1.8, Avg: 2.0, Max: 2.1, Diff: 0.3, Sum: 15.9]
      [Update RS (ms): Min: 0.0, Avg: 0.1, Max: 0.3, Diff: 0.3, Sum: 0.5]
         [Processed Buffers: Min: 0, Avg: 0.5, Max: 2, Diff: 2, Sum: 4]
      [Scan RS (ms): Min: 0.0, Avg: 0.0, Max: 0.1, Diff: 0.1, Sum: 0.2]
      [Object Copy (ms): Min: 2.3, Avg: 2.4, Max: 2.6, Diff: 0.3, Sum: 19.6]
      [Termination (ms): Min: 0.0, Avg: 0.0, Max: 0.0, Diff: 0.0, Sum: 0.1]
      [GC Worker Other (ms): Min: 0.0, Avg: 0.0, Max: 0.1, Diff: 0.0, Sum: 0.3]
      [GC Worker Total (ms): Min: 4.4, Avg: 4.6, Max: 4.7, Diff: 0.3, Sum: 36.4]
      [GC Worker End (ms): Min: 3839.0, Avg: 3839.0, Max: 3839.0, Diff: 0.0]
   [Code Root Fixup: 0.2 ms]
   [Clear CT: 0.6 ms]
   [Other: 0.8 ms]
      [Choose CSet: 0.0 ms]
      [Ref Proc: 0.5 ms]
      [Ref Enq: 0.0 ms]
      [Free CSet: 0.1 ms]
   [Eden: 45.0M(45.0M)->0.0B(45.0M) Survivors: 6144.0K->6144.0K Heap: 180.5M(1024.0M)->134.9M(1024.0M)]
 [Times: user=0.04 sys=0.00, real=0.00 secs] 
2017-05-30T13:16:42.737+0800: 4.393: [GC pause (young), 0.0093110 secs]
   [Parallel Time: 5.8 ms, GC Workers: 8]
      [GC Worker Start (ms): Min: 4393.5, Avg: 4393.6, Max: 4393.8, Diff: 0.3]
      [Ext Root Scanning (ms): Min: 2.0, Avg: 2.4, Max: 2.7, Diff: 0.7, Sum: 19.0]
      [Update RS (ms): Min: 0.0, Avg: 0.1, Max: 0.3, Diff: 0.3, Sum: 0.5]
         [Processed Buffers: Min: 0, Avg: 1.2, Max: 8, Diff: 8, Sum: 10]
      [Scan RS (ms): Min: 0.0, Avg: 0.0, Max: 0.1, Diff: 0.1, Sum: 0.1]
      [Object Copy (ms): Min: 2.5, Avg: 2.6, Max: 2.8, Diff: 0.3, Sum: 21.1]
      [Termination (ms): Min: 0.0, Avg: 0.0, Max: 0.0, Diff: 0.0, Sum: 0.0]
      [GC Worker Other (ms): Min: 0.0, Avg: 0.0, Max: 0.1, Diff: 0.0, Sum: 0.3]
      [GC Worker Total (ms): Min: 4.9, Avg: 5.1, Max: 5.3, Diff: 0.3, Sum: 40.9]
      [GC Worker End (ms): Min: 4398.7, Avg: 4398.7, Max: 4398.8, Diff: 0.0]
   [Code Root Fixup: 0.2 ms]
   [Clear CT: 0.7 ms]
   [Other: 2.6 ms]
      [Choose CSet: 0.0 ms]
      [Ref Proc: 2.2 ms]
      [Ref Enq: 0.0 ms]
      [Free CSet: 0.1 ms]
   [Eden: 45.0M(45.0M)->0.0B(44.0M) Survivors: 6144.0K->7168.0K Heap: 179.9M(1024.0M)->137.4M(1024.0M)]
 [Times: user=0.05 sys=0.00, real=0.01 secs] 
2017-05-30T13:16:43.267+0800: 4.924: [GC pause (young), 0.0089310 secs]
   [Parallel Time: 6.5 ms, GC Workers: 8]
      [GC Worker Start (ms): Min: 4923.7, Avg: 4923.9, Max: 4924.0, Diff: 0.3]
      [Ext Root Scanning (ms): Min: 2.0, Avg: 2.4, Max: 2.6, Diff: 0.7, Sum: 19.0]
      [Update RS (ms): Min: 0.0, Avg: 0.1, Max: 0.2, Diff: 0.2, Sum: 0.6]
         [Processed Buffers: Min: 0, Avg: 1.8, Max: 7, Diff: 7, Sum: 14]
      [Scan RS (ms): Min: 0.0, Avg: 0.0, Max: 0.0, Diff: 0.0, Sum: 0.1]
      [Object Copy (ms): Min: 3.4, Avg: 3.7, Max: 4.0, Diff: 0.6, Sum: 29.7]
      [Termination (ms): Min: 0.0, Avg: 0.0, Max: 0.0, Diff: 0.0, Sum: 0.1]
      [GC Worker Other (ms): Min: 0.0, Avg: 0.0, Max: 0.0, Diff: 0.0, Sum: 0.2]
      [GC Worker Total (ms): Min: 6.1, Avg: 6.2, Max: 6.4, Diff: 0.3, Sum: 49.8]
      [GC Worker End (ms): Min: 4930.1, Avg: 4930.1, Max: 4930.1, Diff: 0.0]
   [Code Root Fixup: 0.2 ms]
   [Clear CT: 0.6 ms]
   [Other: 1.7 ms]
      [Choose CSet: 0.0 ms]
      [Ref Proc: 1.4 ms]
      [Ref Enq: 0.0 ms]
      [Free CSet: 0.1 ms]
   [Eden: 44.0M(44.0M)->0.0B(46.0M) Survivors: 7168.0K->5120.0K Heap: 181.4M(1024.0M)->137.3M(1024.0M)]
 [Times: user=0.05 sys=0.00, real=0.01 secs] 
2017-05-30T13:16:43.544+0800: 5.200: [GC pause (young), 0.0076760 secs]
   [Parallel Time: 5.4 ms, GC Workers: 8]
      [GC Worker Start (ms): Min: 5200.4, Avg: 5200.5, Max: 5200.6, Diff: 0.3]
      [Ext Root Scanning (ms): Min: 2.1, Avg: 2.3, Max: 2.5, Diff: 0.4, Sum: 18.3]
      [Update RS (ms): Min: 0.6, Avg: 0.8, Max: 1.1, Diff: 0.5, Sum: 6.1]
         [Processed Buffers: Min: 1, Avg: 2.2, Max: 6, Diff: 5, Sum: 18]
      [Scan RS (ms): Min: 0.0, Avg: 0.1, Max: 0.2, Diff: 0.1, Sum: 0.4]
      [Object Copy (ms): Min: 1.6, Avg: 1.7, Max: 1.8, Diff: 0.2, Sum: 13.6]
      [Termination (ms): Min: 0.0, Avg: 0.0, Max: 0.0, Diff: 0.0, Sum: 0.0]
      [GC Worker Other (ms): Min: 0.0, Avg: 0.0, Max: 0.1, Diff: 0.1, Sum: 0.3]
      [GC Worker Total (ms): Min: 4.7, Avg: 4.8, Max: 5.0, Diff: 0.3, Sum: 38.7]
      [GC Worker End (ms): Min: 5205.3, Avg: 5205.3, Max: 5205.4, Diff: 0.0]
   [Code Root Fixup: 0.0 ms]
   [Clear CT: 0.5 ms]
   [Other: 1.8 ms]
      [Choose CSet: 0.0 ms]
      [Ref Proc: 1.5 ms]
      [Ref Enq: 0.0 ms]
      [Free CSet: 0.1 ms]
   [Eden: 46.0M(46.0M)->0.0B(59.0M) Survivors: 5120.0K->6144.0K Heap: 183.3M(1024.0M)->138.0M(1024.0M)]
 [Times: user=0.05 sys=0.00, real=0.01 secs] 
2017-05-30T13:16:43.953+0800: 5.609: [GC pause (young), 0.0071560 secs]
   [Parallel Time: 4.9 ms, GC Workers: 8]
      [GC Worker Start (ms): Min: 5609.3, Avg: 5609.4, Max: 5609.6, Diff: 0.3]
      [Ext Root Scanning (ms): Min: 2.1, Avg: 2.4, Max: 2.6, Diff: 0.4, Sum: 18.8]
      [Update RS (ms): Min: 0.0, Avg: 0.1, Max: 0.3, Diff: 0.3, Sum: 1.2]
         [Processed Buffers: Min: 0, Avg: 2.0, Max: 4, Diff: 4, Sum: 16]
      [Scan RS (ms): Min: 0.0, Avg: 0.0, Max: 0.1, Diff: 0.0, Sum: 0.2]
      [Object Copy (ms): Min: 2.0, Avg: 2.1, Max: 2.2, Diff: 0.2, Sum: 16.5]
      [Termination (ms): Min: 0.0, Avg: 0.0, Max: 0.0, Diff: 0.0, Sum: 0.0]
      [GC Worker Other (ms): Min: 0.0, Avg: 0.0, Max: 0.0, Diff: 0.0, Sum: 0.3]
      [GC Worker Total (ms): Min: 4.5, Avg: 4.6, Max: 4.8, Diff: 0.3, Sum: 36.9]
      [GC Worker End (ms): Min: 5614.1, Avg: 5614.1, Max: 5614.1, Diff: 0.0]
   [Code Root Fixup: 0.0 ms]
   [Clear CT: 0.7 ms]
   [Other: 1.5 ms]
      [Choose CSet: 0.0 ms]
      [Ref Proc: 1.2 ms]
      [Ref Enq: 0.0 ms]
      [Free CSet: 0.1 ms]
   [Eden: 59.0M(59.0M)->0.0B(368.0M) Survivors: 6144.0K->5120.0K Heap: 197.0M(1024.0M)->137.0M(1024.0M)]
 [Times: user=0.04 sys=0.01, real=0.01 secs] 
2017-05-30T13:16:44.455+0800: 6.111: [GC pause (young) (initial-mark), 0.0069250 secs]
   [Parallel Time: 5.2 ms, GC Workers: 8]
      [GC Worker Start (ms): Min: 6111.8, Avg: 6112.0, Max: 6112.2, Diff: 0.4]
      [Ext Root Scanning (ms): Min: 2.2, Avg: 2.6, Max: 3.3, Diff: 1.1, Sum: 20.4]
      [Update RS (ms): Min: 0.0, Avg: 0.1, Max: 0.3, Diff: 0.3, Sum: 1.0]
         [Processed Buffers: Min: 0, Avg: 1.8, Max: 6, Diff: 6, Sum: 14]
      [Scan RS (ms): Min: 0.0, Avg: 0.0, Max: 0.0, Diff: 0.0, Sum: 0.1]
      [Object Copy (ms): Min: 1.5, Avg: 2.1, Max: 2.6, Diff: 1.1, Sum: 17.2]
      [Termination (ms): Min: 0.0, Avg: 0.0, Max: 0.0, Diff: 0.0, Sum: 0.0]
      [GC Worker Other (ms): Min: 0.0, Avg: 0.0, Max: 0.0, Diff: 0.0, Sum: 0.3]
      [GC Worker Total (ms): Min: 4.7, Avg: 4.9, Max: 5.1, Diff: 0.4, Sum: 39.0]
      [GC Worker End (ms): Min: 6116.9, Avg: 6116.9, Max: 6116.9, Diff: 0.0]
   [Code Root Fixup: 0.0 ms]
   [Clear CT: 0.5 ms]
   [Other: 1.2 ms]
      [Choose CSet: 0.0 ms]
      [Ref Proc: 0.8 ms]
      [Ref Enq: 0.0 ms]
      [Free CSet: 0.1 ms]
   [Eden: 22.0M(368.0M)->0.0B(557.0M) Survivors: 5120.0K->4096.0K Heap: 343.8M(1024.0M)->320.7M(1024.0M)]
 [Times: user=0.04 sys=0.00, real=0.01 secs] 
2017-05-30T13:16:44.462+0800: 6.119: [GC concurrent-root-region-scan-start]
2017-05-30T13:16:44.466+0800: 6.122: [GC concurrent-root-region-scan-end, 0.0037270 secs]
2017-05-30T13:16:44.466+0800: 6.122: [GC concurrent-mark-start]
2017-05-30T13:16:44.472+0800: 6.129: [GC concurrent-mark-end, 0.0064660 secs]
2017-05-30T13:16:44.474+0800: 6.130: [GC remark 2017-05-30T13:16:44.475+0800: 6.131: [GC ref-proc, 0.0003210 secs], 0.0082100 secs]
 [Times: user=0.01 sys=0.00, real=0.01 secs] 
2017-05-30T13:16:44.482+0800: 6.139: [GC cleanup 330M->144M(1024M), 0.0028160 secs]
 [Times: user=0.01 sys=0.00, real=0.00 secs] 
2017-05-30T13:16:44.485+0800: 6.142: [GC concurrent-cleanup-start]
2017-05-30T13:16:44.486+0800: 6.142: [GC concurrent-cleanup-end, 0.0003890 secs]
2017-05-30T13:20:27.499+0800: 229.155: [GC pause (young), 0.0187090 secs]
   [Parallel Time: 13.1 ms, GC Workers: 8]
      [GC Worker Start (ms): Min: 229155.6, Avg: 229155.9, Max: 229156.5, Diff: 0.9]
      [Ext Root Scanning (ms): Min: 2.2, Avg: 3.4, Max: 4.0, Diff: 1.9, Sum: 27.5]
      [Update RS (ms): Min: 0.0, Avg: 0.2, Max: 0.6, Diff: 0.6, Sum: 1.4]
         [Processed Buffers: Min: 0, Avg: 4.6, Max: 22, Diff: 22, Sum: 37]
      [Scan RS (ms): Min: 0.1, Avg: 0.2, Max: 0.4, Diff: 0.4, Sum: 1.7]
      [Object Copy (ms): Min: 7.9, Avg: 8.4, Max: 8.7, Diff: 0.8, Sum: 67.1]
      [Termination (ms): Min: 0.0, Avg: 0.0, Max: 0.0, Diff: 0.0, Sum: 0.2]
      [GC Worker Other (ms): Min: 0.0, Avg: 0.1, Max: 0.2, Diff: 0.2, Sum: 0.8]
      [GC Worker Total (ms): Min: 11.7, Avg: 12.3, Max: 12.8, Diff: 1.0, Sum: 98.7]
      [GC Worker End (ms): Min: 229168.2, Avg: 229168.3, Max: 229168.4, Diff: 0.2]
   [Code Root Fixup: 0.1 ms]
   [Clear CT: 0.7 ms]
   [Other: 4.8 ms]
      [Choose CSet: 0.0 ms]
      [Ref Proc: 3.2 ms]
      [Ref Enq: 0.0 ms]
      [Free CSet: 1.0 ms]
   [Eden: 557.0M(557.0M)->0.0B(254.0M) Survivors: 4096.0K->10.0M Heap: 756.7M(1024.0M)->205.8M(1024.0M)]
 [Times: user=0.09 sys=0.01, real=0.02 secs] 
2017-05-30T13:22:20.549+0800: 342.206: [GC pause (young), 0.0204120 secs]
   [Parallel Time: 18.1 ms, GC Workers: 8]
      [GC Worker Start (ms): Min: 342205.8, Avg: 342206.0, Max: 342206.2, Diff: 0.4]
      [Ext Root Scanning (ms): Min: 2.7, Avg: 3.7, Max: 7.8, Diff: 5.2, Sum: 29.8]
      [Update RS (ms): Min: 0.0, Avg: 0.1, Max: 0.4, Diff: 0.4, Sum: 1.1]
         [Processed Buffers: Min: 0, Avg: 3.2, Max: 22, Diff: 22, Sum: 26]
      [Scan RS (ms): Min: 0.0, Avg: 0.1, Max: 0.2, Diff: 0.2, Sum: 0.7]
      [Object Copy (ms): Min: 9.8, Avg: 13.5, Max: 14.2, Diff: 4.4, Sum: 107.8]
      [Termination (ms): Min: 0.0, Avg: 0.0, Max: 0.0, Diff: 0.0, Sum: 0.0]
      [GC Worker Other (ms): Min: 0.0, Avg: 0.0, Max: 0.1, Diff: 0.1, Sum: 0.4]
      [GC Worker Total (ms): Min: 17.3, Avg: 17.5, Max: 17.7, Diff: 0.5, Sum: 139.8]
      [GC Worker End (ms): Min: 342223.4, Avg: 342223.4, Max: 342223.5, Diff: 0.1]
   [Code Root Fixup: 0.2 ms]
   [Clear CT: 0.5 ms]
   [Other: 1.6 ms]
      [Choose CSet: 0.0 ms]
      [Ref Proc: 0.8 ms]
      [Ref Enq: 0.0 ms]
      [Free CSet: 0.6 ms]
   [Eden: 254.0M(254.0M)->0.0B(155.0M) Survivors: 10.0M->15.0M Heap: 459.8M(1024.0M)->211.1M(1024.0M)]
 [Times: user=0.14 sys=0.00, real=0.02 secs] 
2017-05-30T13:25:12.496+0800: 514.153: [GC pause (young), 0.0104220 secs]
   [Parallel Time: 8.2 ms, GC Workers: 8]
      [GC Worker Start (ms): Min: 514153.0, Avg: 514153.2, Max: 514153.4, Diff: 0.3]
      [Ext Root Scanning (ms): Min: 2.6, Avg: 2.8, Max: 3.2, Diff: 0.6, Sum: 22.6]
      [Update RS (ms): Min: 0.0, Avg: 0.1, Max: 0.4, Diff: 0.4, Sum: 0.9]
         [Processed Buffers: Min: 0, Avg: 1.4, Max: 8, Diff: 8, Sum: 11]
      [Scan RS (ms): Min: 0.0, Avg: 0.1, Max: 0.1, Diff: 0.1, Sum: 0.5]
      [Object Copy (ms): Min: 4.1, Avg: 4.5, Max: 4.7, Diff: 0.6, Sum: 36.0]
      [Termination (ms): Min: 0.0, Avg: 0.1, Max: 0.1, Diff: 0.1, Sum: 0.8]
      [GC Worker Other (ms): Min: 0.0, Avg: 0.0, Max: 0.1, Diff: 0.0, Sum: 0.2]
      [GC Worker Total (ms): Min: 7.5, Avg: 7.6, Max: 7.8, Diff: 0.3, Sum: 60.9]
      [GC Worker End (ms): Min: 514160.8, Avg: 514160.8, Max: 514160.8, Diff: 0.0]
   [Code Root Fixup: 0.2 ms]
   [Clear CT: 0.6 ms]
   [Other: 1.5 ms]
      [Choose CSet: 0.0 ms]
      [Ref Proc: 0.8 ms]
      [Ref Enq: 0.0 ms]
      [Free CSet: 0.4 ms]
   [Eden: 155.0M(155.0M)->0.0B(291.0M) Survivors: 15.0M->6144.0K Heap: 366.1M(1024.0M)->203.5M(1024.0M)]
 [Times: user=0.06 sys=0.00, real=0.01 secs] 
2017-05-30T13:30:23.034+0800: 824.691: [GC pause (young), 0.0113700 secs]
   [Parallel Time: 9.1 ms, GC Workers: 8]
      [GC Worker Start (ms): Min: 824691.1, Avg: 824691.2, Max: 824691.4, Diff: 0.3]
      [Ext Root Scanning (ms): Min: 2.6, Avg: 2.8, Max: 3.2, Diff: 0.6, Sum: 22.2]
      [Update RS (ms): Min: 0.4, Avg: 0.7, Max: 1.0, Diff: 0.7, Sum: 5.6]
         [Processed Buffers: Min: 1, Avg: 3.1, Max: 16, Diff: 15, Sum: 25]
      [Scan RS (ms): Min: 0.0, Avg: 0.1, Max: 0.2, Diff: 0.2, Sum: 0.8]
      [Object Copy (ms): Min: 4.9, Avg: 5.0, Max: 5.2, Diff: 0.3, Sum: 40.4]
      [Termination (ms): Min: 0.0, Avg: 0.0, Max: 0.0, Diff: 0.0, Sum: 0.0]
      [GC Worker Other (ms): Min: 0.0, Avg: 0.1, Max: 0.2, Diff: 0.2, Sum: 0.8]
      [GC Worker Total (ms): Min: 8.5, Avg: 8.7, Max: 9.0, Diff: 0.5, Sum: 69.8]
      [GC Worker End (ms): Min: 824699.9, Avg: 824699.9, Max: 824700.1, Diff: 0.2]
   [Code Root Fixup: 0.2 ms]
   [Clear CT: 0.6 ms]
   [Other: 1.4 ms]
      [Choose CSet: 0.0 ms]
      [Ref Proc: 0.6 ms]
      [Ref Enq: 0.0 ms]
      [Free CSet: 0.6 ms]
   [Eden: 291.0M(291.0M)->0.0B(379.0M) Survivors: 6144.0K->7168.0K Heap: 494.5M(1024.0M)->205.0M(1024.0M)]
 [Times: user=0.08 sys=0.00, real=0.01 secs] 
2017-05-30T13:37:03.997+0800: 1225.654: [GC pause (young), 0.0174930 secs]
   [Parallel Time: 14.6 ms, GC Workers: 8]
      [GC Worker Start (ms): Min: 1225653.9, Avg: 1225654.2, Max: 1225654.4, Diff: 0.5]
      [Ext Root Scanning (ms): Min: 2.8, Avg: 3.3, Max: 4.0, Diff: 1.2, Sum: 26.7]
      [Update RS (ms): Min: 0.0, Avg: 0.3, Max: 0.7, Diff: 0.7, Sum: 2.3]
         [Processed Buffers: Min: 0, Avg: 3.6, Max: 13, Diff: 13, Sum: 29]
      [Scan RS (ms): Min: 0.0, Avg: 0.1, Max: 0.2, Diff: 0.2, Sum: 1.1]
      [Object Copy (ms): Min: 9.8, Avg: 10.1, Max: 10.3, Diff: 0.5, Sum: 80.7]
      [Termination (ms): Min: 0.0, Avg: 0.0, Max: 0.0, Diff: 0.0, Sum: 0.1]
      [GC Worker Other (ms): Min: 0.0, Avg: 0.1, Max: 0.2, Diff: 0.2, Sum: 0.8]
      [GC Worker Total (ms): Min: 13.7, Avg: 14.0, Max: 14.3, Diff: 0.6, Sum: 111.7]
      [GC Worker End (ms): Min: 1225668.1, Avg: 1225668.1, Max: 1225668.2, Diff: 0.2]
   [Code Root Fixup: 0.2 ms]
   [Clear CT: 0.6 ms]
   [Other: 2.0 ms]
      [Choose CSet: 0.0 ms]
      [Ref Proc: 0.9 ms]
      [Ref Enq: 0.0 ms]
      [Free CSet: 0.8 ms]
   [Eden: 379.0M(379.0M)->0.0B(382.0M) Survivors: 7168.0K->10.0M Heap: 584.0M(1024.0M)->208.0M(1024.0M)]
 [Times: user=0.12 sys=0.00, real=0.02 secs] 
2017-05-30T13:42:10.291+0800: 1531.947: [GC pause (young), 0.0123560 secs]
   [Parallel Time: 9.5 ms, GC Workers: 8]
      [GC Worker Start (ms): Min: 1531947.7, Avg: 1531947.8, Max: 1531948.0, Diff: 0.3]
      [Ext Root Scanning (ms): Min: 2.5, Avg: 2.9, Max: 3.7, Diff: 1.2, Sum: 23.3]
      [Update RS (ms): Min: 0.0, Avg: 0.3, Max: 0.7, Diff: 0.7, Sum: 2.5]
         [Processed Buffers: Min: 0, Avg: 4.1, Max: 17, Diff: 17, Sum: 33]
      [Scan RS (ms): Min: 0.0, Avg: 0.1, Max: 0.2, Diff: 0.2, Sum: 1.1]
      [Object Copy (ms): Min: 5.1, Avg: 5.4, Max: 5.6, Diff: 0.5, Sum: 43.2]
      [Termination (ms): Min: 0.0, Avg: 0.0, Max: 0.0, Diff: 0.0, Sum: 0.0]
      [GC Worker Other (ms): Min: 0.0, Avg: 0.1, Max: 0.2, Diff: 0.1, Sum: 0.6]
      [GC Worker Total (ms): Min: 8.7, Avg: 8.8, Max: 9.1, Diff: 0.4, Sum: 70.8]
      [GC Worker End (ms): Min: 1531956.6, Avg: 1531956.7, Max: 1531956.8, Diff: 0.1]
   [Code Root Fixup: 0.4 ms]
   [Clear CT: 0.6 ms]
   [Other: 1.9 ms]
      [Choose CSet: 0.0 ms]
      [Ref Proc: 0.8 ms]
      [Ref Enq: 0.0 ms]
      [Free CSet: 0.8 ms]
   [Eden: 382.0M(382.0M)->0.0B(556.0M) Survivors: 10.0M->8192.0K Heap: 590.0M(1024.0M)->206.0M(1024.0M)]
 [Times: user=0.07 sys=0.00, real=0.01 secs] 
2017-05-30T13:43:27.030+0800: 1608.687: [GC pause (young), 0.0153680 secs]
   [Parallel Time: 12.2 ms, GC Workers: 8]
      [GC Worker Start (ms): Min: 1608686.8, Avg: 1608687.0, Max: 1608687.1, Diff: 0.3]
      [Ext Root Scanning (ms): Min: 2.6, Avg: 2.9, Max: 3.6, Diff: 1.0, Sum: 23.4]
      [Update RS (ms): Min: 0.0, Avg: 0.3, Max: 0.6, Diff: 0.6, Sum: 2.2]
         [Processed Buffers: Min: 0, Avg: 3.1, Max: 15, Diff: 15, Sum: 25]
      [Scan RS (ms): Min: 0.1, Avg: 0.2, Max: 0.3, Diff: 0.3, Sum: 1.7]
      [Object Copy (ms): Min: 7.9, Avg: 8.2, Max: 8.3, Diff: 0.5, Sum: 65.7]
      [Termination (ms): Min: 0.0, Avg: 0.0, Max: 0.0, Diff: 0.0, Sum: 0.1]
      [GC Worker Other (ms): Min: 0.0, Avg: 0.1, Max: 0.2, Diff: 0.2, Sum: 0.8]
      [GC Worker Total (ms): Min: 11.5, Avg: 11.7, Max: 12.0, Diff: 0.5, Sum: 94.0]
      [GC Worker End (ms): Min: 1608698.7, Avg: 1608698.7, Max: 1608698.9, Diff: 0.2]
   [Code Root Fixup: 0.5 ms]
   [Clear CT: 0.6 ms]
   [Other: 2.1 ms]
      [Choose CSet: 0.0 ms]
      [Ref Proc: 0.8 ms]
      [Ref Enq: 0.0 ms]
      [Free CSet: 1.0 ms]
   [Eden: 556.0M(556.0M)->0.0B(604.0M) Survivors: 8192.0K->10.0M Heap: 762.0M(1024.0M)->207.5M(1024.0M)]
 [Times: user=0.10 sys=0.00, real=0.01 secs] 
2017-05-30T13:48:46.054+0800: 1927.710: [GC pause (young), 0.0217580 secs]
   [Parallel Time: 18.2 ms, GC Workers: 8]
      [GC Worker Start (ms): Min: 1927710.7, Avg: 1927710.9, Max: 1927711.1, Diff: 0.4]
      [Ext Root Scanning (ms): Min: 2.9, Avg: 3.3, Max: 4.1, Diff: 1.3, Sum: 26.5]
      [Update RS (ms): Min: 0.0, Avg: 0.3, Max: 0.6, Diff: 0.6, Sum: 2.2]
         [Processed Buffers: Min: 0, Avg: 3.0, Max: 17, Diff: 17, Sum: 24]
      [Scan RS (ms): Min: 0.1, Avg: 0.2, Max: 0.4, Diff: 0.3, Sum: 1.9]
      [Object Copy (ms): Min: 13.4, Avg: 13.7, Max: 14.5, Diff: 1.1, Sum: 109.9]
      [Termination (ms): Min: 0.0, Avg: 0.0, Max: 0.0, Diff: 0.0, Sum: 0.1]
      [GC Worker Other (ms): Min: 0.0, Avg: 0.1, Max: 0.2, Diff: 0.2, Sum: 0.8]
      [GC Worker Total (ms): Min: 17.4, Avg: 17.7, Max: 17.9, Diff: 0.5, Sum: 141.4]
      [GC Worker End (ms): Min: 1927728.5, Avg: 1927728.6, Max: 1927728.7, Diff: 0.2]
   [Code Root Fixup: 0.6 ms]
   [Clear CT: 0.6 ms]
   [Other: 2.5 ms]
      [Choose CSet: 0.0 ms]
      [Ref Proc: 0.7 ms]
      [Ref Enq: 0.0 ms]
      [Free CSet: 1.2 ms]
   [Eden: 604.0M(604.0M)->0.0B(519.0M) Survivors: 10.0M->9216.0K Heap: 811.5M(1024.0M)->207.0M(1024.0M)]
 [Times: user=0.13 sys=0.02, real=0.02 secs] 
2017-05-30T13:54:17.152+0800: 2258.808: [GC pause (young), 0.0146060 secs]
   [Parallel Time: 11.3 ms, GC Workers: 8]
      [GC Worker Start (ms): Min: 2258808.7, Avg: 2258808.9, Max: 2258809.1, Diff: 0.4]
      [Ext Root Scanning (ms): Min: 2.7, Avg: 3.3, Max: 4.0, Diff: 1.3, Sum: 26.0]
      [Update RS (ms): Min: 0.0, Avg: 0.3, Max: 0.7, Diff: 0.7, Sum: 2.3]
         [Processed Buffers: Min: 0, Avg: 3.6, Max: 16, Diff: 16, Sum: 29]
      [Scan RS (ms): Min: 0.1, Avg: 0.2, Max: 0.4, Diff: 0.3, Sum: 1.5]
      [Object Copy (ms): Min: 6.5, Avg: 6.8, Max: 7.0, Diff: 0.5, Sum: 54.0]
      [Termination (ms): Min: 0.0, Avg: 0.0, Max: 0.0, Diff: 0.0, Sum: 0.0]
      [GC Worker Other (ms): Min: 0.0, Avg: 0.1, Max: 0.2, Diff: 0.2, Sum: 0.7]
      [GC Worker Total (ms): Min: 10.4, Avg: 10.6, Max: 10.9, Diff: 0.5, Sum: 84.6]
      [GC Worker End (ms): Min: 2258819.5, Avg: 2258819.5, Max: 2258819.6, Diff: 0.2]
   [Code Root Fixup: 0.5 ms]
   [Clear CT: 0.5 ms]
   [Other: 2.2 ms]
      [Choose CSet: 0.0 ms]
      [Ref Proc: 0.9 ms]
      [Ref Enq: 0.0 ms]
      [Free CSet: 1.0 ms]
   [Eden: 519.0M(519.0M)->0.0B(606.0M) Survivors: 9216.0K->8192.0K Heap: 726.0M(1024.0M)->205.6M(1024.0M)]
 [Times: user=0.09 sys=0.01, real=0.01 secs] 
